---- CMD: comlin_subcmd

comlin_subcmd error: Subcommand required for "comlin_subcmd"...

  comlin_subcmd [-p <password>] [-u <username>+] <<subcommand>>

  Options:
  -p          User password.
  -u          Username(s).

  Subcommands:
  add         Add file to repo.
  rm          Remove file from repo.
  commit      Commit (pending) changes to repo.


  Copyright (c) 2018 by Comlin Tester

---- CMD: comlin_subcmd -h

  comlin_subcmd [-p <password>] [-u <username>+] <<subcommand>>

  Options:
  -p          User password.
  -u          Username(s).

  Subcommands:
  add         Add file to repo.
  rm          Remove file from repo.
  commit      Commit (pending) changes to repo.


  Copyright (c) 2018 by Comlin Tester

---- CMD: comlin_subcmd -p passwd

comlin_subcmd error: Subcommand required for "comlin_subcmd"...

  comlin_subcmd [-p <password>] [-u <username>+] <<subcommand>>

  Options:
  -p          User password.
  -u          Username(s).

  Subcommands:
  add         Add file to repo.
  rm          Remove file from repo.
  commit      Commit (pending) changes to repo.


  Copyright (c) 2018 by Comlin Tester

---- CMD: comlin_subcmd add

comlin_subcmd error: Option "-f" missing for "comlin_subcmd add"...

  Subcommand "add" usage:
    comlin_subcmd add [-fo] [-u <username>] -f <file>

  -fo         Force operation.
  -u          Username.
  -f          File.


---- CMD: comlin_subcmd add -f

comlin_subcmd error: No argument given for "-f"...

  Subcommand "add" usage:
    comlin_subcmd add [-fo] [-u <username>] -f <file>

  -fo         Force operation.
  -u          Username.
  -f          File.


---- CMD: comlin_subcmd add -f file
Options for: comlin_subcmd
  Given "help": false
  Given "password": false
  Given "username": false
  Given "terminator": false
  Given "add": true
  Given "rm": false
  Given "commit": false
Options for: add
  Given "help": false
  Given "force": false
  Given "username": false
  Given "file": true
  Value "file": file
---- CMD: comlin_subcmd -p pass add -f file
Options for: comlin_subcmd
  Given "help": false
  Given "password": true
  Value "password": pass
  Given "username": false
  Given "terminator": false
  Given "add": true
  Given "rm": false
  Given "commit": false
Options for: add
  Given "help": false
  Given "force": false
  Given "username": false
  Given "file": true
  Value "file": file
---- CMD: comlin_subcmd -p pass -u name1 add -f file

comlin_subcmd error: Unknown option "-f"...

  comlin_subcmd [-p <password>] [-u <username>+] <<subcommand>>

  Options:
  -p          User password.
  -u          Username(s).

  Subcommands:
  add         Add file to repo.
  rm          Remove file from repo.
  commit      Commit (pending) changes to repo.


  Copyright (c) 2018 by Comlin Tester

---- CMD: comlin_subcmd -p pass -u name1 - add -f file
Options for: comlin_subcmd
  Given "help": false
  Given "password": true
  Value "password": pass
  Given "username": true
  Value "username": ["name1"]
  Given "terminator": true
  Given "add": true
  Given "rm": false
  Given "commit": false
Options for: add
  Given "help": false
  Given "force": false
  Given "username": false
  Given "file": true
  Value "file": file
---- CMD: comlin_subcmd -p pass add -f file -u user
Options for: comlin_subcmd
  Given "help": false
  Given "password": true
  Value "password": pass
  Given "username": false
  Given "terminator": false
  Given "add": true
  Given "rm": false
  Given "commit": false
Options for: add
  Given "help": false
  Given "force": false
  Given "username": true
  Value "username": user
  Given "file": true
  Value "file": file
---- CMD: comlin_subcmd -p pass add -f file
Options for: comlin_subcmd
  Given "help": false
  Given "password": true
  Value "password": pass
  Given "username": false
  Given "terminator": false
  Given "add": true
  Given "rm": false
  Given "commit": false
Options for: add
  Given "help": false
  Given "force": false
  Given "username": false
  Given "file": true
  Value "file": file
---- CMD: comlin_subcmd -p pass add -f file -fo
Options for: comlin_subcmd
  Given "help": false
  Given "password": true
  Value "password": pass
  Given "username": false
  Given "terminator": false
  Given "add": true
  Given "rm": false
  Given "commit": false
Options for: add
  Given "help": false
  Given "force": true
  Given "username": false
  Given "file": true
  Value "file": file
---- CMD: comlin_subcmd -p pass add -f file -fo -h

  Subcommand "add" usage:
    comlin_subcmd add [-fo] [-u <username>] -f <file>

  -fo         Force operation.
  -u          Username.
  -f          File.


---- CMD: comlin_subcmd -p pass add -f file -fo rm

comlin_subcmd error: No default option specified to allow "rm"...

  Subcommand "add" usage:
    comlin_subcmd add [-fo] [-u <username>] -f <file>

  -fo         Force operation.
  -u          Username.
  -f          File.


---- CMD: comlin_subcmd add -f file -fo commit

comlin_subcmd error: No default option specified to allow "commit"...

  Subcommand "add" usage:
    comlin_subcmd add [-fo] [-u <username>] -f <file>

  -fo         Force operation.
  -u          Username.
  -f          File.


---- CMD: comlin_subcmd -p pass add -f file -fo commit

comlin_subcmd error: No default option specified to allow "commit"...

  Subcommand "add" usage:
    comlin_subcmd add [-fo] [-u <username>] -f <file>

  -fo         Force operation.
  -u          Username.
  -f          File.


---- CMD: comlin_subcmd -p pass rm
Options for: comlin_subcmd
  Given "help": false
  Given "password": true
  Value "password": pass
  Given "username": false
  Given "terminator": false
  Given "add": false
  Given "rm": true
  Given "commit": false
Options for: rm
  Given "help": false
  Given "force": false
  Given "file": false
---- CMD: comlin_subcmd -p pass rm commit

comlin_subcmd error: No default option specified to allow "commit"...

  Subcommand "rm" usage:
    comlin_subcmd rm [-fo] [-f <file>]

  -fo         Force operation.
  -f          File.


---- CMD: comlin_subcmd -p pass rm -f commit
Options for: comlin_subcmd
  Given "help": false
  Given "password": true
  Value "password": pass
  Given "username": false
  Given "terminator": false
  Given "add": false
  Given "rm": true
  Given "commit": false
Options for: rm
  Given "help": false
  Given "force": false
  Given "file": true
  Value "file": commit
---- CMD: comlin_subcmd -p pass commit
Options for: comlin_subcmd
  Given "help": false
  Given "password": true
  Value "password": pass
  Given "username": false
  Given "terminator": false
  Given "add": false
  Given "rm": false
  Given "commit": true
Options for: commit
  Given "help": false
  Given "quiet": false
  Given "username": false
  Given "<default>": false
---- CMD: comlin_subcmd -p pass commit dii duu
Options for: comlin_subcmd
  Given "help": false
  Given "password": true
  Value "password": pass
  Given "username": false
  Given "terminator": false
  Given "add": false
  Given "rm": false
  Given "commit": true
Options for: commit
  Given "help": false
  Given "quiet": false
  Given "username": false
  Given "<default>": true
  Value "<default>": ["dii", "duu"]
---- CMD: comlin_subcmd -p pass commit -u user1 dii duu
Options for: comlin_subcmd
  Given "help": false
  Given "password": true
  Value "password": pass
  Given "username": false
  Given "terminator": false
  Given "add": false
  Given "rm": false
  Given "commit": true
Options for: commit
  Given "help": false
  Given "quiet": false
  Given "username": true
  Value "username": user1
  Given "<default>": true
  Value "<default>": ["dii", "duu"]
---- CMD: comlin_subcmd -p pass commit -u user1 dii duu -h

  Subcommand "commit" usage:
    comlin_subcmd commit [-q] [-u <username>] [<default>]

  -q          Quiet operation.
  -u          Username.
  <default>   File(s) to commit.


---- CMD: comlin_subcmd -p pass commit -h -u user1 dii duu

  Subcommand "commit" usage:
    comlin_subcmd commit [-q] [-u <username>] [<default>]

  -q          Quiet operation.
  -u          Username.
  <default>   File(s) to commit.


---- CMD: comlin_subcmd commit -h -u user1 dii duu -h

  Subcommand "commit" usage:
    comlin_subcmd commit [-q] [-u <username>] [<default>]

  -q          Quiet operation.
  -u          Username.
  <default>   File(s) to commit.


---- CMD: comlin_subcmd commit -u user1 dii duu -h

  Subcommand "commit" usage:
    comlin_subcmd commit [-q] [-u <username>] [<default>]

  -q          Quiet operation.
  -u          Username.
  <default>   File(s) to commit.


---- CMD: comlin_subcmd -p foo commit foo -- external arguments
Options for: comlin_subcmd
  Given "help": false
  Given "password": true
  Value "password": foo
  Given "username": false
  Given "terminator": false
  Given "add": false
  Given "rm": false
  Given "commit": true
Options for: commit
  Given "help": false
  Given "quiet": false
  Given "username": false
  Given "<default>": true
  Value "<default>": ["foo"]
External: ["external", "arguments"]
---- CMD: comlin_subcmd foo

comlin_subcmd error: Unknown subcmd: "foo"...

  comlin_subcmd [-p <password>] [-u <username>+] <<subcommand>>

  Options:
  -p          User password.
  -u          Username(s).

  Subcommands:
  add         Add file to repo.
  rm          Remove file from repo.
  commit      Commit (pending) changes to repo.


  Copyright (c) 2018 by Comlin Tester

